title,link,description,channel_Id,language,copyright,generator,rss_Id
"Engadget RSS Feed","http://www.engadget.com","Engadget",0,"en-us","Copyright 2014 AOL Inc. The contents of this feed are available for non-commercial use only.","Blogsmith http://www.blogsmith.com/",0
