url,title,link,channel_Id
"http://www.blogsmithmedia.com/www.engadget.com/media/feedlogo.gif","Engadget","http://www.engadget.com",0
