Name,Value,Problem
"Coffee Cup","â˜•","Unicode 16-bit character"
"Quote","""","Escapes quotes in resulting CSV"
"Ampersand","&","escapes XML encoding"
