title,description,link,language,ttl,lastBuildDate,version
"Reviews Tom's Hardware","Tom's Hardware","http://www.tomshardware.com","en","10","Thu, 30 Jan 2014 08:39:46 +0100","2.0"
