Name,Node_Id,Node_Id_0
"Everard",0,
"Bob",1,0
"Ken",2,0
"James",3,0
"Molly",4,3
"Betty",5,3
"Angela",6,3
